  [1m[35m (106.0ms)[0m  [1m[35mCREATE DATABASE "dormdish_development" ENCODING = 'unicode' /*application='Dormdish'*/[0m
  [1m[35m (106.6ms)[0m  [1m[35mCREATE DATABASE "dormdish_development" ENCODING = 'unicode' /*application='Dormdish'*/[0m
  [1m[35mSQL (0.4ms)[0m  [1m[35mSET search_path TO public /*application='Dormdish'*/[0m
  [1m[35m (372.2ms)[0m  [1m[35mCREATE DATABASE "dormdish_development" ENCODING = 'unicode' /*application='Dormdish'*/[0m
  [1m[35mSQL (0.1ms)[0m  [1m[35mSET search_path TO public /*application='Dormdish'*/[0m
  [1m[35m (89.7ms)[0m  [1m[35mCREATE DATABASE "dormdish_test" ENCODING = 'unicode' /*application='Dormdish'*/[0m
  [1m[35m (4.1ms)[0m  [1m[35mCREATE TABLE "schema_migrations" ("version" character varying NOT NULL PRIMARY KEY) /*application='Dormdish'*/[0m
  [1m[35m (1.3ms)[0m  [1m[35mCREATE TABLE "ar_internal_metadata" ("key" character varying NOT NULL PRIMARY KEY, "value" character varying, "created_at" timestamp(6) NOT NULL, "updated_at" timestamp(6) NOT NULL) /*application='Dormdish'*/[0m
  [1m[35m (0.4ms)[0m  [1m[34mSELECT pg_try_advisory_lock(747819761760138270) /*application='Dormdish'*/[0m
  [1m[36mActiveRecord::SchemaMigration Load (0.3ms)[0m  [1m[34mSELECT "schema_migrations"."version" FROM "schema_migrations" ORDER BY "schema_migrations"."version" ASC /*application='Dormdish'*/[0m
  [1m[36mActiveRecord::InternalMetadata Load (0.5ms)[0m  [1m[34mSELECT * FROM "ar_internal_metadata" WHERE "ar_internal_metadata"."key" = 'environment' ORDER BY "ar_internal_metadata"."key" ASC LIMIT 1 /*application='Dormdish'*/[0m
  [1m[36mActiveRecord::InternalMetadata Create (0.5ms)[0m  [1m[32mINSERT INTO "ar_internal_metadata" ("key", "value", "created_at", "updated_at") VALUES ('environment', 'development', '2025-10-22 05:34:49.209030', '2025-10-22 05:34:49.209033') RETURNING "key" /*application='Dormdish'*/[0m
Migrating to CreateUserProfiles (20241022000001)
  [1m[36mTRANSACTION (0.2ms)[0m  [1m[35mBEGIN /*application='Dormdish'*/[0m
  [1m[35m (2.8ms)[0m  [1m[35mCREATE TABLE "user_profiles" ("id" bigserial primary key, "name" character varying, "weekly_budget" float, "appliances" text[] DEFAULT '{}', "dietary_preferences" text[] DEFAULT '{}', "created_at" timestamp(6) NOT NULL, "updated_at" timestamp(6) NOT NULL) /*application='Dormdish'*/[0m
  [1m[36mActiveRecord::SchemaMigration Create (0.2ms)[0m  [1m[32mINSERT INTO "schema_migrations" ("version") VALUES ('20241022000001') RETURNING "version" /*application='Dormdish'*/[0m
  [1m[36mTRANSACTION (0.3ms)[0m  [1m[35mCOMMIT /*application='Dormdish'*/[0m
  [1m[35m (0.2ms)[0m  [1m[34mSELECT pg_advisory_unlock(747819761760138270) /*application='Dormdish'*/[0m
  [1m[36mActiveRecord::SchemaMigration Load (0.1ms)[0m  [1m[34mSELECT "schema_migrations"."version" FROM "schema_migrations" ORDER BY "schema_migrations"."version" ASC /*application='Dormdish'*/[0m
  [1m[35mSQL (0.1ms)[0m  [1m[35mSET search_path TO public /*application='Dormdish'*/[0m
  [1m[35mSQL (0.3ms)[0m  [1m[35mSET search_path TO "$user", public /*application='Dormdish'*/[0m
  [1m[35mSQL (0.1ms)[0m  [1m[35mSET search_path TO public /*application='Dormdish'*/[0m
  [1m[35mSQL (0.1ms)[0m  [1m[35mSET search_path TO "$user", public /*application='Dormdish'*/[0m
  [1m[36mActiveRecord::SchemaMigration Load (1.1ms)[0m  [1m[34mSELECT "schema_migrations"."version" FROM "schema_migrations" ORDER BY "schema_migrations"."version" ASC /*application='Dormdish'*/[0m
  [1m[35m (0.2ms)[0m  [1m[34mSELECT pg_try_advisory_lock(747819761760138270) /*application='Dormdish'*/[0m
  [1m[36mActiveRecord::SchemaMigration Load (1.2ms)[0m  [1m[34mSELECT "schema_migrations"."version" FROM "schema_migrations" ORDER BY "schema_migrations"."version" ASC /*application='Dormdish'*/[0m
  [1m[36mActiveRecord::InternalMetadata Load (1.1ms)[0m  [1m[34mSELECT * FROM "ar_internal_metadata" WHERE "ar_internal_metadata"."key" = 'environment' ORDER BY "ar_internal_metadata"."key" ASC LIMIT 1 /*application='Dormdish'*/[0m
  [1m[35m (0.1ms)[0m  [1m[34mSELECT pg_advisory_unlock(747819761760138270) /*application='Dormdish'*/[0m
  [1m[36mActiveRecord::SchemaMigration Load (0.2ms)[0m  [1m[34mSELECT "schema_migrations"."version" FROM "schema_migrations" ORDER BY "schema_migrations"."version" ASC /*application='Dormdish'*/[0m
  [1m[35mSQL (0.1ms)[0m  [1m[35mSET search_path TO public /*application='Dormdish'*/[0m
  [1m[35mSQL (0.1ms)[0m  [1m[35mSET search_path TO "$user", public /*application='Dormdish'*/[0m
  [1m[35mSQL (0.1ms)[0m  [1m[35mSET search_path TO public /*application='Dormdish'*/[0m
  [1m[35mSQL (0.1ms)[0m  [1m[35mSET search_path TO "$user", public /*application='Dormdish'*/[0m
  [1m[35m (0.2ms)[0m  [1m[34mSELECT pg_try_advisory_lock(747819761760138270) /*application='Dormdish'*/[0m
  [1m[36mActiveRecord::SchemaMigration Load (1.2ms)[0m  [1m[34mSELECT "schema_migrations"."version" FROM "schema_migrations" ORDER BY "schema_migrations"."version" ASC /*application='Dormdish'*/[0m
  [1m[36mActiveRecord::InternalMetadata Load (1.2ms)[0m  [1m[34mSELECT * FROM "ar_internal_metadata" WHERE "ar_internal_metadata"."key" = 'environment' ORDER BY "ar_internal_metadata"."key" ASC LIMIT 1 /*application='Dormdish'*/[0m
Migrating to CreateRecipes (20241022000002)
  [1m[36mTRANSACTION (0.1ms)[0m  [1m[35mBEGIN /*application='Dormdish'*/[0m
  [1m[35m (8.4ms)[0m  [1m[35mCREATE TABLE "recipes" ("id" bigserial primary key, "name" character varying, "meal_type" character varying, "prep_time" integer, "cost" float, "ingredients" text, "appliances_needed" text[] DEFAULT '{}', "dietary_tags" text[] DEFAULT '{}', "created_at" timestamp(6) NOT NULL, "updated_at" timestamp(6) NOT NULL) /*application='Dormdish'*/[0m
  [1m[36mActiveRecord::SchemaMigration Create (0.3ms)[0m  [1m[32mINSERT INTO "schema_migrations" ("version") VALUES ('20241022000002') RETURNING "version" /*application='Dormdish'*/[0m
  [1m[36mTRANSACTION (0.7ms)[0m  [1m[35mCOMMIT /*application='Dormdish'*/[0m
Migrating to CreateMealPlans (20241022000003)
  [1m[36mTRANSACTION (0.4ms)[0m  [1m[35mBEGIN /*application='Dormdish'*/[0m
  [1m[35m (8.6ms)[0m  [1m[35mCREATE TABLE "meal_plans" ("id" bigserial primary key, "user_profile_id" bigint NOT NULL, "recipe_id" bigint NOT NULL, "created_at" timestamp(6) NOT NULL, "updated_at" timestamp(6) NOT NULL, CONSTRAINT "fk_rails_ff510d63d4"
FOREIGN KEY ("user_profile_id")
  REFERENCES "user_profiles" ("id")
, CONSTRAINT "fk_rails_757efcc95e"
FOREIGN KEY ("recipe_id")
  REFERENCES "recipes" ("id")
) /*application='Dormdish'*/[0m
  [1m[35m (1.2ms)[0m  [1m[35mCREATE INDEX "index_meal_plans_on_user_profile_id" ON "meal_plans" ("user_profile_id") /*application='Dormdish'*/[0m
  [1m[35m (1.1ms)[0m  [1m[35mCREATE INDEX "index_meal_plans_on_recipe_id" ON "meal_plans" ("recipe_id") /*application='Dormdish'*/[0m
  [1m[36mActiveRecord::SchemaMigration Create (0.2ms)[0m  [1m[32mINSERT INTO "schema_migrations" ("version") VALUES ('20241022000003') RETURNING "version" /*application='Dormdish'*/[0m
  [1m[36mTRANSACTION (0.4ms)[0m  [1m[35mCOMMIT /*application='Dormdish'*/[0m
  [1m[35m (0.4ms)[0m  [1m[34mSELECT pg_advisory_unlock(747819761760138270) /*application='Dormdish'*/[0m
  [1m[36mActiveRecord::SchemaMigration Load (0.2ms)[0m  [1m[34mSELECT "schema_migrations"."version" FROM "schema_migrations" ORDER BY "schema_migrations"."version" ASC /*application='Dormdish'*/[0m
  [1m[35mSQL (0.1ms)[0m  [1m[35mSET search_path TO public /*application='Dormdish'*/[0m
  [1m[35mSQL (0.2ms)[0m  [1m[35mSET search_path TO "$user", public /*application='Dormdish'*/[0m
  [1m[35mSQL (0.1ms)[0m  [1m[35mSET search_path TO public /*application='Dormdish'*/[0m
  [1m[35mSQL (0.1ms)[0m  [1m[35mSET search_path TO "$user", public /*application='Dormdish'*/[0m
  [1m[36mActiveRecord::SchemaMigration Load (0.7ms)[0m  [1m[34mSELECT "schema_migrations"."version" FROM "schema_migrations" ORDER BY "schema_migrations"."version" ASC /*application='Dormdish'*/[0m
Started GET "/" for ::1 at 2025-10-22 01:40:24 -0400
  [1m[36mActiveRecord::SchemaMigration Load (1.0ms)[0m  [1m[34mSELECT "schema_migrations"."version" FROM "schema_migrations" ORDER BY "schema_migrations"."version" ASC /*application='Dormdish'*/[0m
Processing by PagesController#home as HTML
  Rendering layout layouts/application.html.erb
  Rendering pages/home.html.erb within layouts/application
  Rendered pages/home.html.erb within layouts/application (Duration: 0.3ms | GC: 0.0ms)
  Rendered layout layouts/application.html.erb (Duration: 6.3ms | GC: 0.0ms)
Completed 200 OK in 124ms (Views: 8.9ms | ActiveRecord: 0.0ms (0 queries, 0 cached) | GC: 25.9ms)


Started GET "/user_profiles/new" for ::1 at 2025-10-22 01:40:27 -0400
Processing by UserProfilesController#new as HTML
  Rendering layout layouts/application.html.erb
  Rendering user_profiles/new.html.erb within layouts/application
  Rendered user_profiles/new.html.erb within layouts/application (Duration: 18.4ms | GC: 0.0ms)
  Rendered layout layouts/application.html.erb (Duration: 18.8ms | GC: 0.0ms)
Completed 200 OK in 68ms (Views: 19.8ms | ActiveRecord: 17.0ms (0 queries, 0 cached) | GC: 0.0ms)


